f is a function
function fib() {
    [native code]
}
