true
10
9007199254740991
1
0.30000000000000004
233
